        Visual Studio Code
        https://code.visualstudio.com/

        Смотрим версию

alexey@es15:~/jsrc/git-course$ git --version
git version 2.34.1

        Инициализируем репозиторий

alexey@es15:~/jsrc/git-course$ git init
подсказка: Using 'master' as the name for the initial branch. This default branch name
подсказка: is subject to change. To configure the initial branch name to use in all
подсказка: of your new repositories, which will suppress this warning, call:
подсказка: 
подсказка: 	git config --global init.defaultBranch <name>
подсказка: 
подсказка: Names commonly chosen instead of 'master' are 'main', 'trunk' and
подсказка: 'development'. The just-created branch can be renamed via this command:
подсказка: 
подсказка: 	git branch -m <name>
Инициализирован пустой репозиторий Git в /home/alexey/jsrc/git-course/.git/

        STATUS Посмотрим что происходит??? Перед этим, мы поместили пару
        файлов в каталог проекта

alexey@es15:~/jsrc/git-course$ git status 
На ветке master

Еще нет коммитов

Неотслеживаемые файлы:
  (используйте «git add <файл>…», чтобы добавить в то, что будет включено в коммит)
	git.txt
	index.html

ничего не добавлено в коммит, но есть неотслеживаемые файлы (используйте «git add», чтобы отслеживать их)

        Добавляем все файлы
        
alexey@es15:~/jsrc/git-course$ git add .

        Посмотрим СТАТУС

alexey@es15:~/jsrc/git-course$ git status
На ветке master

Еще нет коммитов

Изменения, которые будут включены в коммит:
  (используйте «git rm --cached <файл>…», чтобы убрать из индекса)
	новый файл:    git.txt
	новый файл:    index.html

        Можно убрать из отслеживания файл git.txt так:

alexey@es15:~/jsrc/git-course$ git rm --cached git.txt 
error: следующие файлы содержат проиндексированные изменения отличающиеся и от файла, и от HEAD:
    git.txt
(используйте опцию «-f» для принудительного удаления)

        Посмотрим на СТАТУС
        
alexey@es15:~/jsrc/git-course$ git status
На ветке master

Еще нет коммитов

Изменения, которые будут включены в коммит:
  (используйте «git rm --cached <файл>…», чтобы убрать из индекса)
	новый файл:    git.txt
	новый файл:    index.html

Изменения, которые не в индексе для коммита:
  (используйте «git add <файл>…», чтобы добавить файл в индекс)
  (используйте «git restore <файл>…», чтобы отменить изменения в рабочем каталоге)
	изменено:      git.txt

        Добавим файл git.txt обратно в отслеживаемые

alexey@es15:~/jsrc/git-course$ git add git.txt

        Посмотрим на СТАТУС

alexey@es15:~/jsrc/git-course$ git status
На ветке master

Еще нет коммитов

Изменения, которые будут включены в коммит:
  (используйте «git rm --cached <файл>…», чтобы убрать из индекса)
	новый файл:    git.txt
	новый файл:    index.html

        Создал новый файл script.js и немного изменил существующие
        Посмотрим СТАТУС

alexey@es15:~/jsrc/git-course$ git status
На ветке master

Еще нет коммитов

Изменения, которые будут включены в коммит:
  (используйте «git rm --cached <файл>…», чтобы убрать из индекса)
	новый файл:    git.txt
	новый файл:    index.html

Изменения, которые не в индексе для коммита:
  (используйте «git add <файл>…», чтобы добавить файл в индекс)
  (используйте «git restore <файл>…», чтобы отменить изменения в рабочем каталоге)
	изменено:      git.txt
	изменено:      index.html

Неотслеживаемые файлы:
  (используйте «git add <файл>…», чтобы добавить в то, что будет включено в коммит)
	script.js

        Добавим все файлы и посмотрим статус

alexey@es15:~/jsrc/git-course$ git add .
alexey@es15:~/jsrc/git-course$ git status
На ветке master

Еще нет коммитов

Изменения, которые будут включены в коммит:
  (используйте «git rm --cached <файл>…», чтобы убрать из индекса)
	новый файл:    git.txt
	новый файл:    index.html
	новый файл:    script.js

        Изменим пару файликов (git.txt, index.html) и посмотрим статус

alexey@es15:~/jsrc/git-course$ git status
На ветке master

Еще нет коммитов

Изменения, которые будут включены в коммит:
  (используйте «git rm --cached <файл>…», чтобы убрать из индекса)
	новый файл:    git.txt
	новый файл:    index.html
	новый файл:    script.js

Изменения, которые не в индексе для коммита:
  (используйте «git add <файл>…», чтобы добавить файл в индекс)
  (используйте «git restore <файл>…», чтобы отменить изменения в рабочем каталоге)
	изменено:      git.txt
	изменено:      index.html

        Видим, что есть изменения. Добавляем...

alexey@es15:~/jsrc/git-course$ git add .
alexey@es15:~/jsrc/git-course$ git status
На ветке master

Еще нет коммитов

Изменения, которые будут включены в коммит:
  (используйте «git rm --cached <файл>…», чтобы убрать из индекса)
	новый файл:    git.txt
	новый файл:    index.html
	новый файл:    script.js
